---
source: crates/guicons-core/src/parse.rs
expression: entries
---
[
    IconEntry {
        key: "icons-navigation-back",
        family: "icons-navigation-back",
        variant: None,
        size: None,
        source: File(
            "/workspace\\back.svg",
        ),
        dynamic: false,
        windows_ico: None,
        span: 57..65,
    },
]
