---
source: crates/guicons-core/tests/load.rs
expression: "summarize_errors(dir.path(), &errors)"
---
[
    ErrorSummary {
        file: "icons.gui.toml",
        span: Some(
            (
                9,
                104,
            ),
        ),
        message: "unexpected keys in table: `[(\"includes1\", Span { start: 68, end: 77 })]`\nexpected: [\"includes\"]",
    },
]
