---
source: crates/guicons-core/tests/load.rs
expression: "summarize_errors(dir.path(), &errors)"
---
[
    ErrorSummary {
        file: "icons.gui.toml",
        span: Some(
            (
                36,
                40,
            ),
        ),
        message: "`link.includes` must be an array of strings",
    },
]
