---
source: crates/guicons-core/tests/load.rs
expression: "summarize_errors(dir.path(), &errors)"
---
[
    ErrorSummary {
        file: "icons.gui.toml",
        span: Some(
            (
                17,
                21,
            ),
        ),
        message: "`[link]` must be a table",
    },
]
